---
source: src/parser/mod.rs
assertion_line: 97
expression: syntax_tree_debug

---
Root@0..271
  IfStmt@0..37
    If@0..2 "if"
    BinOp@2..5
      Ident@2..3
        Ident@2..3 "x"
      LAngle@3..4 "<"
      LiteralExpr@4..5
        Int@4..5 "5"
    Then@5..9 "then"
    StmtList@9..34
      FuncCall@9..34
        Ident@9..14
          Ident@9..14 "print"
        FuncArgs@14..34
          LParen@14..15 "("
          LiteralExpr@15..33
            String@15..33 "\"x is less than 5\""
          RParen@33..34 ")"
    End@34..37 "end"
  IfStmt@37..118
    If@37..39 "if"
    BinOp@39..42
      Ident@39..40
        Ident@39..40 "y"
      LAngle@40..41 "<"
      LiteralExpr@41..42
        Int@41..42 "5"
    Then@42..46 "then"
    StmtList@46..71
      FuncCall@46..71
        Ident@46..51
          Ident@46..51 "print"
        FuncArgs@51..71
          LParen@51..52 "("
          LiteralExpr@52..70
            String@52..70 "\"y is less than 5\""
          RParen@70..71 ")"
    ElseChain@71..118
      Else@71..75 "else"
      StmtList@75..115
        FuncCall@75..115
          Ident@75..80
            Ident@75..80 "print"
          FuncArgs@80..115
            LParen@80..81 "("
            LiteralExpr@81..114
              String@81..114 "\"y is greater than or ..."
            RParen@114..115 ")"
      End@115..118 "end"
  IfStmt@118..271
    If@118..120 "if"
    BinOp@120..123
      Ident@120..121
        Ident@120..121 "z"
      LAngle@121..122 "<"
      LiteralExpr@122..123
        Int@122..123 "5"
    Then@123..127 "then"
    StmtList@127..152
      FuncCall@127..152
        Ident@127..132
          Ident@127..132 "print"
        FuncArgs@132..152
          LParen@132..133 "("
          LiteralExpr@133..151
            String@133..151 "\"z is less than 5\""
          RParen@151..152 ")"
    ElseChain@152..271
      IfStmt@152..271
        ElseIf@152..158 "elseif"
        BinOp@158..162
          Ident@158..159
            Ident@158..159 "z"
          RAngle@159..160 ">"
          LiteralExpr@160..162
            Int@160..162 "10"
        Then@162..166 "then"
        StmtList@166..195
          FuncCall@166..195
            Ident@166..171
              Ident@166..171 "print"
            FuncArgs@171..195
              LParen@171..172 "("
              LiteralExpr@172..194
                String@172..194 "\"z is greater than 10\""
              RParen@194..195 ")"
        ElseChain@195..271
          Else@195..199 "else"
          StmtList@199..268
            FuncCall@199..268
              Ident@199..204
                Ident@199..204 "print"
              FuncArgs@204..268
                LParen@204..205 "("
                LiteralExpr@205..267
                  String@205..267 "\"z is greater than or ..."
                RParen@267..268 ")"
          End@268..271 "end"

